Microchip MPLAB XC8 Compiler V2.36

Linker command line:

-W-3 --edf=/opt/microchip/xc8/v2.36/pic/dat/en_msgs.txt -cn \
  -h+dist/default/debug/FinalProj.X.debug.sym \
  --cmf=dist/default/debug/FinalProj.X.debug.cmf -z -Q16F886 \
  -o/tmp/xcXjPmKbJ --defsym=__MPLAB_BUILD=1 \
  -Mdist/default/debug/FinalProj.X.debug.map --md=/tmp/xcXfHBnMC.dat -E1 \
  -ver=XC8 Compiler --acfsm=1493 -ACODE=00h-07FFhx3,01800h-01EFFh \
  -ASTRCODE=00h-01EFFh -ASTRING=00h-0FFhx31 -ACONST=00h-0FFhx31 \
  -AENTRY=00h-0FFhx31 -ACOMMON=071h-07Fh -ABANK0=020h-06Fh \
  -ABANK1=0A0h-0EFh -ABANK2=0110h-016Fh -ABANK3=0190h-01E4h \
  -ARAM=020h-06Fh,0A0h-0EFh,0110h-016Fh,0190h-01E4h \
  -AABS1=020h-07Fh,0A0h-0EFh,0110h-016Fh,0190h-01EFh -ASFR0=00h-01Fh \
  -ASFR1=080h-09Fh -ASFR2=0100h-010Fh -ASFR3=0180h-018Fh \
  -ACONFIG=02007h-02008h -DCONFIG=2 -AIDLOC=02000h-02003h -DIDLOC=2 \
  -AEEDATA=00h-0FFh/02100h -peeprom_data=EEDATA -DEEDATA=2 -DCODE=2 \
  -DSTRCODE=2 -DSTRING=2 -DCONST=2 -DENTRY=2 \
  -preset_vec=00h,intentry=04h,init,end_init -ppowerup=CODE -pcinit=CODE \
  -pfunctab=ENTRY -k /tmp/xcXjCgdCN.o \
  dist/default/debug/FinalProj.X.debug.o 

Object code version is 3.11

Machine type is 16F886



                Name                               Link     Load   Length Selector   Space Scale
/tmp/xcXjCgdCN.o
                end_init                              C        C        3        8       0
                reset_vec                             0        0        4        0       0
                config                             2007     2007        2        0       4
                idloc                              2000     2000        4        0       5
dist/default/debug/FinalProj.X.debug.o
                cinit                               7E6      7E6       1A      FCC       0
                intentry                              4        4        8        8       0
                config                             2007     2007        2        0       4
                idloc                              2000     2000        4        0       5
                text2                               6AA      6AA        F      D54       0
                text1                               724      724       C2      E48       0
                maintext                            6DC      6DC       48      DB8       0
                cstackCOMMON                         71       71        8       71       1
                clrtext                             6A2      6A2        8      D44       0
                inittext                            6C9      6C9       13      D92       0
                dataBANK0                            40       40       10       20       1
                bssBANK0                             20       20       20       20       1
                idataBANK0                          6B9      6B9       10      D72       0

TOTAL           Name                               Link     Load   Length     Space
        CLASS   CODE           
                end_init                              C        C        3         0
                cinit                               7E6      7E6       1A         0
                intentry                              4        4        8         0
                reset_vec                             0        0        4         0
                text2                               6AA      6AA        F         0
                text1                               724      724       C2         0
                maintext                            6DC      6DC       48         0
                clrtext                             6A2      6A2        8         0
                inittext                            6C9      6C9       13         0
                idataBANK0                          6B9      6B9       10         0

        CLASS   STRCODE        

        CLASS   STRING         

        CLASS   CONST          

        CLASS   ENTRY          

        CLASS   COMMON         
                cstackCOMMON                         71       71        8         1

        CLASS   BANK0          
                dataBANK0                            40       40       10         1
                bssBANK0                             20       20       20         1

        CLASS   BANK1          

        CLASS   BANK2          

        CLASS   BANK3          

        CLASS   RAM            

        CLASS   ABS1           
                abs_s1                               7E       7E        2         1

        CLASS   SFR0           

        CLASS   SFR1           

        CLASS   SFR2           

        CLASS   SFR3           

        CLASS   CONFIG         
                config                             2007     2007        2         4

        CLASS   IDLOC          
                idloc                              2000     2000        4         5

        CLASS   EEDATA         

        CLASS   STACK          



SEGMENTS        Name                           Load    Length   Top    Selector   Space  Class     Delta

                idataBANK0                     0006B9  000010  0006C9       D72       0  CODE        2
                text2                          0006AA  00000F  0006B9       D54       0  CODE        2
                clrtext                        0006A2  000008  0006AA       D44       0  CODE        2
                text1                          000724  0000C2  0007E6       E48       0  CODE        2
                maintext                       0006DC  000048  000724       DB8       0  CODE        2
                inittext                       0006C9  000013  0006DC       D92       0  CODE        2
                bssBANK0                       000020  000030  000050        20       1  BANK0       1
                cinit                          0007E6  00001A  000800       FCC       0  CODE        2
                reset_vec                      000000  000004  000004         0       0  CODE        2
                intentry                       000004  00000B  00000F         8       0  CODE        2
                cstackCOMMON                   000071  000008  000079        71       1  COMMON      1


UNUSED ADDRESS RANGES

        Name                Unused          Largest block    Delta
        BANK0            0050-006F             20           1
        BANK1            00A0-00EF             50           1
        BANK2            0110-016F             60           1
        BANK3            0190-01E4             55           1
        CODE             000F-06A1            693           2
                         0800-1EFF            800
        COMMON           0079-007D              5           1
        CONST            000F-06A1            100           2
                         0800-1EFF            100
        EEDATA           2100-21FF            100           2
        ENTRY            000F-06A1            100           2
                         0800-1EFF            100
        RAM              0050-006F             20           1
                         00A0-00EF             50
                         0110-016F             60
                         0190-01E4             55
        SFR0             0000-001F             20           1
        SFR1             0080-009F             20           1
        SFR2             0100-010F             10           1
        SFR3             0180-018F             10           1
        STRCODE          000F-06A1            693           2
                         0800-1EFF           1700
        STRING           000F-06A1            100           2
                         0800-1EFF            100

                                  Symbol Table

_BAUDCTLbits             (abs)        0187
_INTCONbits              (abs)        000B
_OSCCONbits              (abs)        008F
_PIE1bits                (abs)        008C
_PIR1bits                (abs)        000C
_PORTB                   (abs)        0006
_PORTBbits               (abs)        0006
_PORTC                   (abs)        0007
_PORTCbits               (abs)        0007
_RCSTAbits               (abs)        0018
_SPBRG                   (abs)        0099
_SPBRGH                  (abs)        009A
_TRISB                   (abs)        0086
_TRISBbits               (abs)        0086
_TRISC                   (abs)        0087
_TRISCbits               (abs)        0087
_TXSTAbits               (abs)        0098
__Habs1                  abs1         0000
__Hbank0                 bank0        0000
__Hbank1                 bank1        0000
__Hbank2                 bank2        0000
__Hbank3                 bank3        0000
__HbssBANK0              bssBANK0     0000
__Hcinit                 cinit        0800
__Hclrtext               clrtext      0000
__Hcode                  code         0000
__Hcommon                common       0000
__Hconfig                config       2009
__HcstackCOMMON          cstackCOMMON 0000
__HdataBANK0             dataBANK0    0000
__Heeprom_data           eeprom_data  0000
__Hend_init              end_init     000F
__Hfunctab               functab      0000
__HidataBANK0            idataBANK0   0000
__Hidloc                 idloc        2004
__Hinit                  init         000C
__Hinittext              inittext     0000
__Hintentry              intentry     000C
__Hmaintext              maintext     0000
__Hpowerup               powerup      0000
__Hram                   ram          0000
__Hreset_vec             reset_vec    0004
__Hsfr0                  sfr0         0000
__Hsfr1                  sfr1         0000
__Hsfr2                  sfr2         0000
__Hsfr3                  sfr3         0000
__Hspace_0               (abs)        0800
__Hspace_1               (abs)        0079
__Hspace_2               (abs)        0000
__Hspace_3               (abs)        0000
__Hspace_4               (abs)        4010
__Hstack                 stack        0000
__Hstrings               strings      0000
__Htext                  text         0000
__Labs1                  abs1         0000
__Lbank0                 bank0        0000
__Lbank1                 bank1        0000
__Lbank2                 bank2        0000
__Lbank3                 bank3        0000
__LbssBANK0              bssBANK0     0000
__Lcinit                 cinit        07E6
__Lclrtext               clrtext      0000
__Lcode                  code         0000
__Lcommon                common       0000
__Lconfig                config       0000
__LcstackCOMMON          cstackCOMMON 0000
__LdataBANK0             dataBANK0    0000
__Leeprom_data           eeprom_data  0000
__Lend_init              end_init     000C
__Lfunctab               functab      0000
__LidataBANK0            idataBANK0   0000
__Lidloc                 idloc        0000
__Linit                  init         000C
__Linittext              inittext     0000
__Lintentry              intentry     0004
__Lmaintext              maintext     0000
__Lpowerup               powerup      0000
__Lram                   ram          0000
__Lreset_vec             reset_vec    0000
__Lsfr0                  sfr0         0000
__Lsfr1                  sfr1         0000
__Lsfr2                  sfr2         0000
__Lsfr3                  sfr3         0000
__Lspace_0               (abs)        0000
__Lspace_1               (abs)        0000
__Lspace_2               (abs)        0000
__Lspace_3               (abs)        0000
__Lspace_4               (abs)        0000
__Lstack                 stack        0000
__Lstrings               strings      0000
__Ltext                  text         0000
__S0                     (abs)        0800
__S1                     (abs)        0079
__S3                     (abs)        0000
___int_sp                stack        0000
___latbits               (abs)        0002
___sp                    stack        0000
___stackhi               (abs)        0000
___stacklo               (abs)        0000
__end_of__initialization cinit        07FC
__end_of_main            maintext     0724
__end_of_readKey         text1        07E6
__end_of_rxISR           text2        06B9
__initialization         cinit        07E6
__pbssBANK0              bssBANK0     0020
__pcstackCOMMON          cstackCOMMON 0071
__pdataBANK0             dataBANK0    0040
__pidataBANK0            idataBANK0   06B9
__pintentry              intentry     0004
__pmaintext              maintext     06DC
__ptext1                 text1        0724
__ptext2                 text2        06AA
_bitMap                  bssBANK0     0020
_main                    maintext     06DC
_readKey                 text1        0724
_rxISR                   text2        06AA
btemp                    (abs)        007E
clear_ram0               clrtext      06A2
end_of_initialization    cinit        07FC
init_fetch0              inittext     06C9
init_ram0                inittext     06CD
interrupt_function       intentry     0004
intlevel0                functab      0000
intlevel1                functab      0000
intlevel2                functab      0000
intlevel3                functab      0000
intlevel4                functab      0000
intlevel5                functab      0000
reset_vec                reset_vec    0000
saved_w                  (abs)        007E
start                    init         000C
start_initialization     cinit        07E6
wtemp0                   (abs)        007E


MODULE INFORMATION

Module		Function		Class		Link	Load	Size
shared
		__initialization		CODE           	07E6	0000	22

shared estimated size: 22

main.c
		_readKey       		CODE           	0724	0000	194
		_rxISR         		CODE           	06AA	0000	15
		_main          		CODE           	06DC	0000	72

main.c estimated size: 281

